Error code    -    Commen1t
~~~~~~~~~~~~~~~~~~~~~~~~~~~~~~~~~~~~~~~~System Error Code~~~~~~~~~~~~~~~~~~~~~~~~~~~~~~~~~~~~~~~~
  0x0000      -    Success
  0x0001      -    Base class for arithmetic errors.
  0x0002      -    Assertion failed.
  0x0003      -    Attribute not found.
  0x0004      -    Common base class for all exceptions
  0x0005      -    Buffer error.
  0x0006      -    Base class for warnings about bytes and buffer related problems, mostlyrelated to conversion from str or comparing to str.
  0x0007      -    Base class for warnings about deprecated features.
  0x0008      -    Read beyond end of file.
  0x0009      -    Base class for I/O related errors.
  0x000A      -    Common base class for all non-exit exceptions.
  0x000B      -    Floating point operation failed.
  0x000C      -    Base class for warnings about constructs that will change semanticallyin the future.
  0x000D      -    Request that a generator exit.
  0x000E      -    I/O operation failed.
  0x000F      -    Import can't find module, or can't find name in module.
  0x0010      -    Base class for warnings about probable mistakes in module imports
  0x0011      -    Improper indentation.
  0x0012      -    Sequence index out of range.
  0x0013      -    Mapping key not found.
  0x0014      -    Program interrupted by user.
  0x0015      -    Base class for lookup errors.
  0x0016      -    Out of memory.
  0x0017      -    Name not found globally.
  0x0018      -    Method or function hasn't been implemented yet.
  0x0019      -    OS system call failed.
  0x001A      -    Result too large to be represented.
  0x001B      -    Base class for warnings about features which will be deprecatedin the future.
  0x001C      -    Weak ref proxy used after referent went away.
  0x001D      -    Unspecified run-time error.
  0x001E      -    Base class for warnings about dubious runtime behavior.
  0x001F      -    Base class for all standard Python exceptions that do not representinterpreter exiting.
  0x0020      -    Signal the end from iterator.next().
  0x0021      -    Invalid syntax.
  0x0022      -    Base class for warnings about dubious syntax.
  0x0023      -    Internal error in the Python interpreter.Please report this to the Python maintainer, along with the traceback,the Python version, and the hardware/OS platform and version.
  0x0024      -    Request to exit from the interpreter.
  0x0025      -    Improper mixture of spaces and tabs.
  0x0026      -    Inappropriate argument type.
  0x0027      -    Local name referenced but not bound to a value.
  0x0028      -    Unicode decoding error.
  0x0029      -    Unicode encoding error.
  0x002A      -    Unicode related error.
  0x002B      -    Unicode translation error.
  0x002C      -    Base class for warnings about Unicode related problems, mostlyrelated to conversion problems.
  0x002D      -    Base class for warnings generated by user code.
  0x002E      -    Inappropriate argument value (of correct type).
  0x002F      -    Base class for warning categories.
  0x0030      -    Second argument to a division or modulo operation was zero.

~~~~~~~~~~~~~~~~~~~~~~~~~~~~~~~~~~~~~~~~uDrive Error Code~~~~~~~~~~~~~~~~~~~~~~~~~~~~~~~~~~~~~~~~
  0x0100      -    Operating System Platform related failure
  0x0200      -    SCSI command transport failure
  0x0200      -    Windows DeviceIoControl api call failed
  0x0201      -    Linux IOCTL system call failed
  0x0300      -    ATA common failure
  0x0301      -    ATA sense data error
  0x0400      -    No valid SMART Asynchronus Signal Recovery data
  0x0400      -    SMART common failure
  0x0500      -    SCSI Command Transfer common failure
  0x1000      -    SandForce common failure
  0x1100      -    SandForce diagnostics common failure
  0x1200      -    SandForce manufecturing self test common failure
  0x1201      -    SandForce MST result format not correct
  0x1300      -    SandForce manufecturing common failure
  0x2000      -    Phison common failure
  0xFFFF      -    Failed
